[earthystorm.com/06888-laughing-benefits/indexe6fa.html]
[earthystorm.com/06888-laughing-benefits/images/favicon.ico]
[earthystorm.com/06888-laughing-benefits/styles/animation.css]
[backblue.gif]
[fade.gif]
[index.html]
[earthystorm.com/06888-laughing-benefits/styles/countdown.css]
[earthystorm.com/06888-laughing-benefits/styles/Futura-Medium.otf]
[kenwheeler.github.io/slick/slick/slick.css]
[earthystorm.com/06888-laughing-benefits/styles/Futura-Bold.otf]
[zenacentre.com/backbutton/mb8mye/rolfix.js]
[facket-openting.com/d/25716fe2-53ca-4405-a7f4-5df80ba4d925d349.js]
[earthystorm.com/06888-laughing-benefits/images/background.png]
[earthystorm.com/06888-laughing-benefits/images/mb8-logo.png]
[earthystorm.com/06888-laughing-benefits/images/top-text.png]
[earthystorm.com/06888-laughing-benefits/images/spin-the-wheel-cta.png]
[earthystorm.com/06888-laughing-benefits/images/claim-now-cta.png]
[earthystorm.com/06888-laughing-benefits/images/spin-border.png]
[earthystorm.com/06888-laughing-benefits/images/spin-wheel.png]
[earthystorm.com/06888-laughing-benefits/images/sexy-girl.png]
[earthystorm.com/06888-laughing-benefits/images/spin-border-light.png]
[earthystorm.com/06888-laughing-benefits/images/orange.png]
[earthystorm.com/06888-laughing-benefits/images/records-title.png]
[earthystorm.com/06888-laughing-benefits/images/record-1.png]
[earthystorm.com/06888-laughing-benefits/images/record-2.png]
[earthystorm.com/06888-laughing-benefits/images/record-3.png]
[earthystorm.com/06888-laughing-benefits/images/record-4.png]
[earthystorm.com/06888-laughing-benefits/images/record-5.png]
[earthystorm.com/06888-laughing-benefits/images/record-6.png]
[earthystorm.com/06888-laughing-benefits/images/record-7.png]
[earthystorm.com/06888-laughing-benefits/images/footer.png]
[code.jquery.com/jquery-1.11.0.min.js]
[code.jquery.com/jquery-migrate-1.2.1.min.js]
[cdn.jsdelivr.net/npm/bootstrap@5.2.3/dist/js/bootstrap.bundle.min.js]
[kenwheeler.github.io/slick/slick/slick.min.js]
[earthystorm.com/06888-laughing-benefits/images/top-text-win.png]
[earthystorm.com/06888-laughing-benefits/images/win2.png]
[earthystorm.com/06888-laughing-benefits/images/win3.png]
[earthystorm.com/06888-laughing-benefits/images/win4.png]
[earthystorm.com/06888-laughing-benefits/images/win5.png]
[earthystorm.com/06888-laughing-benefits/images/win6.png]
[earthystorm.com/06888-laughing-benefits/images/win7.png]
[earthystorm.com/06888-laughing-benefits/images/win8.png]
[earthystorm.com/06888-laughing-benefits/images/win9.png]
[earthystorm.com/06888-laughing-benefits/images/win10.png]
[earthystorm.com/06888-laughing-benefits/indexe6fa.html]
[earthystorm.com/06888-laughing-benefits/styles/animation.css]
[earthystorm.com/06888-laughing-benefits/styles/countdown.css]
[kenwheeler.github.io/slick/slick/slick.css]
[facket-openting.com/d/25716fe2-53ca-4405-a7f4-5df80ba4d925.html]
